[2025-10-03 00:58:02] ZIP creado: ./sunat/webphuyu/10460588982-RC-20251001-1/10460588982-RC-20251001-1.zip
[2025-10-03 00:58:02] Usando endpoint WSDL: ./sunat/billService.wsdl
[2025-10-03 00:58:02] Enviando sendSummary a SUNAT. archivo=10460588982-RC-20251001-1.zip
[2025-10-03 00:58:03] soapCall error: Error en SOAP
[2025-10-03 00:58:13] ZIP creado: ./sunat/webphuyu/10460588982-RC-20251001-1/10460588982-RC-20251001-1.zip
[2025-10-03 00:58:13] Usando endpoint WSDL: ./sunat/billService.wsdl
[2025-10-03 00:58:13] Enviando sendSummary a SUNAT. archivo=10460588982-RC-20251001-1.zip
[2025-10-03 00:58:13] soapCall error: Error en SOAP
[2025-10-03 00:58:14] ZIP creado: ./sunat/webphuyu/10460588982-RC-20251001-1/10460588982-RC-20251001-1.zip
[2025-10-03 00:58:14] Usando endpoint WSDL: ./sunat/billService.wsdl
[2025-10-03 00:58:14] Enviando sendSummary a SUNAT. archivo=10460588982-RC-20251001-1.zip
[2025-10-03 00:58:14] soapCall error: Error en SOAP
[2025-10-03 00:59:44] ZIP creado: ./sunat/webphuyu/10460588982-RC-20251001-1/10460588982-RC-20251001-1.zip
[2025-10-03 00:59:44] Usando endpoint WSDL: ./sunat/billService.wsdl
[2025-10-03 00:59:44] Enviando sendSummary a SUNAT. archivo=10460588982-RC-20251001-1.zip
[2025-10-03 00:59:47] soapCall error: <?xml version="1.0" encoding="UTF-8"?>
<soap-env:Envelope xmlns:soap-env="http://schemas.xmlsoap.org/soap/envelope/" xmlns:xsi="http://www.w3.org/2001/XMLSchema-instance" xmlns:wsse="http://docs.oasis-open.org/wss/2004/01/oasis-200401-wss-wssecurity-secext-1.0.xsd"><soap-env:Header/><soap-env:Body><soap-env:Fault xmlns:soap="http://schemas.xmlsoap.org/soap/envelope/"><faultcode>soap-env:Client.0111</faultcode><faultstring>No tiene el perfil para enviar comprobantes electronicos - Detalle: Rejected by policy.</faultstring></soap-env:Fault></soap-env:Body></soap-env:Envelope>
[2025-10-03 01:03:30] ZIP creado: ./sunat/webphuyu/10460588982-RC-20251001-1/10460588982-RC-20251001-1.zip
[2025-10-03 01:03:30] Usando endpoint WSDL: ./sunat/billService.wsdl
[2025-10-03 01:03:30] Enviando sendSummary a SUNAT. archivo=10460588982-RC-20251001-1.zip
[2025-10-03 01:03:31] soapCall error: <?xml version="1.0" encoding="UTF-8"?>
<soap-env:Envelope xmlns:soap-env="http://schemas.xmlsoap.org/soap/envelope/" xmlns:xsi="http://www.w3.org/2001/XMLSchema-instance" xmlns:wsse="http://docs.oasis-open.org/wss/2004/01/oasis-200401-wss-wssecurity-secext-1.0.xsd"><soap-env:Header/><soap-env:Body><soap-env:Fault xmlns:soap="http://schemas.xmlsoap.org/soap/envelope/"><faultcode>soap-env:Client.0111</faultcode><faultstring>No tiene el perfil para enviar comprobantes electronicos - Detalle: Rejected by policy.</faultstring></soap-env:Fault></soap-env:Body></soap-env:Envelope>
[2025-10-03 01:03:38] ZIP creado: ./sunat/webphuyu/10460588982-RC-20251001-1/10460588982-RC-20251001-1.zip
[2025-10-03 01:03:38] Usando endpoint WSDL: ./sunat/billService.wsdl
[2025-10-03 01:03:38] Enviando sendSummary a SUNAT. archivo=10460588982-RC-20251001-1.zip
[2025-10-03 01:03:38] soapCall error: Error en SOAP
[2025-10-03 01:03:40] ZIP creado: ./sunat/webphuyu/10460588982-RC-20251001-1/10460588982-RC-20251001-1.zip
[2025-10-03 01:03:40] Usando endpoint WSDL: ./sunat/billService.wsdl
[2025-10-03 01:03:40] Enviando sendSummary a SUNAT. archivo=10460588982-RC-20251001-1.zip
[2025-10-03 01:03:40] soapCall error: Error en SOAP
[2025-10-03 01:03:41] ZIP creado: ./sunat/webphuyu/10460588982-RC-20251001-1/10460588982-RC-20251001-1.zip
[2025-10-03 01:03:41] Usando endpoint WSDL: ./sunat/billService.wsdl
[2025-10-03 01:03:41] Enviando sendSummary a SUNAT. archivo=10460588982-RC-20251001-1.zip
[2025-10-03 01:03:41] soapCall error: Error en SOAP
[2025-10-03 01:03:42] ZIP creado: ./sunat/webphuyu/10460588982-RC-20251001-1/10460588982-RC-20251001-1.zip
[2025-10-03 01:03:42] Usando endpoint WSDL: ./sunat/billService.wsdl
[2025-10-03 01:03:42] Enviando sendSummary a SUNAT. archivo=10460588982-RC-20251001-1.zip
[2025-10-03 01:03:43] soapCall error: Error en SOAP
[2025-10-03 01:03:43] ZIP creado: ./sunat/webphuyu/10460588982-RC-20251001-1/10460588982-RC-20251001-1.zip
[2025-10-03 01:03:43] Usando endpoint WSDL: ./sunat/billService.wsdl
[2025-10-03 01:03:43] Enviando sendSummary a SUNAT. archivo=10460588982-RC-20251001-1.zip
[2025-10-03 01:03:43] soapCall error: Error en SOAP
[2025-10-03 01:03:44] ZIP creado: ./sunat/webphuyu/10460588982-RC-20251001-1/10460588982-RC-20251001-1.zip
[2025-10-03 01:03:44] Usando endpoint WSDL: ./sunat/billService.wsdl
[2025-10-03 01:03:44] Enviando sendSummary a SUNAT. archivo=10460588982-RC-20251001-1.zip
[2025-10-03 01:03:44] soapCall error: Error en SOAP
[2025-10-03 01:04:40] ZIP creado: ./sunat/webphuyu/10460588982-RC-20251001-1/10460588982-RC-20251001-1.zip
[2025-10-03 01:04:40] Usando endpoint WSDL: ./sunat/billService.wsdl
[2025-10-03 01:04:40] Enviando sendSummary a SUNAT. archivo=10460588982-RC-20251001-1.zip
[2025-10-03 01:04:40] soapCall error: Error en SOAP
[2025-10-03 01:04:41] ZIP creado: ./sunat/webphuyu/10460588982-RC-20251001-1/10460588982-RC-20251001-1.zip
[2025-10-03 01:04:41] Usando endpoint WSDL: ./sunat/billService.wsdl
[2025-10-03 01:04:41] Enviando sendSummary a SUNAT. archivo=10460588982-RC-20251001-1.zip
[2025-10-03 01:04:41] soapCall error: Error en SOAP
[2025-10-03 01:04:42] ZIP creado: ./sunat/webphuyu/10460588982-RC-20251001-1/10460588982-RC-20251001-1.zip
[2025-10-03 01:04:42] Usando endpoint WSDL: ./sunat/billService.wsdl
[2025-10-03 01:04:42] Enviando sendSummary a SUNAT. archivo=10460588982-RC-20251001-1.zip
[2025-10-03 01:04:42] soapCall error: Error en SOAP
[2025-10-03 01:04:49] ZIP creado: ./sunat/webphuyu/10460588982-RC-20251001-1/10460588982-RC-20251001-1.zip
[2025-10-03 01:04:49] Usando endpoint WSDL: ./sunat/billService.wsdl
[2025-10-03 01:04:49] Enviando sendSummary a SUNAT. archivo=10460588982-RC-20251001-1.zip
[2025-10-03 01:04:49] soapCall error: Error en SOAP
[2025-10-03 01:04:51] ZIP creado: ./sunat/webphuyu/10460588982-RC-20251001-1/10460588982-RC-20251001-1.zip
[2025-10-03 01:04:51] Usando endpoint WSDL: ./sunat/billService.wsdl
[2025-10-03 01:04:51] Enviando sendSummary a SUNAT. archivo=10460588982-RC-20251001-1.zip
[2025-10-03 01:04:51] soapCall error: Error en SOAP
[2025-10-03 01:04:51] ZIP creado: ./sunat/webphuyu/10460588982-RC-20251001-1/10460588982-RC-20251001-1.zip
[2025-10-03 01:04:51] Usando endpoint WSDL: ./sunat/billService.wsdl
[2025-10-03 01:04:51] Enviando sendSummary a SUNAT. archivo=10460588982-RC-20251001-1.zip
[2025-10-03 01:04:51] soapCall error: Error en SOAP
[2025-10-03 01:04:52] ZIP creado: ./sunat/webphuyu/10460588982-RC-20251001-1/10460588982-RC-20251001-1.zip
[2025-10-03 01:04:52] Usando endpoint WSDL: ./sunat/billService.wsdl
[2025-10-03 01:04:52] Enviando sendSummary a SUNAT. archivo=10460588982-RC-20251001-1.zip
[2025-10-03 01:04:52] soapCall error: Error en SOAP
[2025-10-03 01:04:52] ZIP creado: ./sunat/webphuyu/10460588982-RC-20251001-1/10460588982-RC-20251001-1.zip
[2025-10-03 01:04:52] Usando endpoint WSDL: ./sunat/billService.wsdl
[2025-10-03 01:04:52] Enviando sendSummary a SUNAT. archivo=10460588982-RC-20251001-1.zip
[2025-10-03 01:04:52] soapCall error: Error en SOAP
[2025-10-03 01:04:52] ZIP creado: ./sunat/webphuyu/10460588982-RC-20251001-1/10460588982-RC-20251001-1.zip
[2025-10-03 01:04:52] Usando endpoint WSDL: ./sunat/billService.wsdl
[2025-10-03 01:04:52] Enviando sendSummary a SUNAT. archivo=10460588982-RC-20251001-1.zip
[2025-10-03 01:04:53] soapCall error: Error en SOAP
[2025-10-03 01:04:53] ZIP creado: ./sunat/webphuyu/10460588982-RC-20251001-1/10460588982-RC-20251001-1.zip
[2025-10-03 01:04:53] Usando endpoint WSDL: ./sunat/billService.wsdl
[2025-10-03 01:04:53] Enviando sendSummary a SUNAT. archivo=10460588982-RC-20251001-1.zip
[2025-10-03 01:04:53] soapCall error: Error en SOAP
[2025-10-03 01:04:53] ZIP creado: ./sunat/webphuyu/10460588982-RC-20251001-1/10460588982-RC-20251001-1.zip
[2025-10-03 01:04:53] Usando endpoint WSDL: ./sunat/billService.wsdl
[2025-10-03 01:04:53] Enviando sendSummary a SUNAT. archivo=10460588982-RC-20251001-1.zip
[2025-10-03 01:04:53] soapCall error: Error en SOAP
[2025-10-03 01:04:54] ZIP creado: ./sunat/webphuyu/10460588982-RC-20251001-1/10460588982-RC-20251001-1.zip
[2025-10-03 01:04:54] Usando endpoint WSDL: ./sunat/billService.wsdl
[2025-10-03 01:04:54] Enviando sendSummary a SUNAT. archivo=10460588982-RC-20251001-1.zip
[2025-10-03 01:04:54] soapCall error: Error en SOAP
[2025-10-03 01:04:54] ZIP creado: ./sunat/webphuyu/10460588982-RC-20251001-1/10460588982-RC-20251001-1.zip
[2025-10-03 01:04:54] Usando endpoint WSDL: ./sunat/billService.wsdl
[2025-10-03 01:04:54] Enviando sendSummary a SUNAT. archivo=10460588982-RC-20251001-1.zip
[2025-10-03 01:04:54] soapCall error: Error en SOAP
[2025-10-03 01:04:55] ZIP creado: ./sunat/webphuyu/10460588982-RC-20251001-1/10460588982-RC-20251001-1.zip
[2025-10-03 01:04:55] Usando endpoint WSDL: ./sunat/billService.wsdl
[2025-10-03 01:04:55] Enviando sendSummary a SUNAT. archivo=10460588982-RC-20251001-1.zip
[2025-10-03 01:04:55] soapCall error: Error en SOAP
[2025-10-03 01:04:55] ZIP creado: ./sunat/webphuyu/10460588982-RC-20251001-1/10460588982-RC-20251001-1.zip
[2025-10-03 01:04:55] Usando endpoint WSDL: ./sunat/billService.wsdl
[2025-10-03 01:04:55] Enviando sendSummary a SUNAT. archivo=10460588982-RC-20251001-1.zip
[2025-10-03 01:04:55] soapCall error: Error en SOAP
[2025-10-03 01:04:56] ZIP creado: ./sunat/webphuyu/10460588982-RC-20251001-1/10460588982-RC-20251001-1.zip
[2025-10-03 01:04:56] Usando endpoint WSDL: ./sunat/billService.wsdl
[2025-10-03 01:04:56] Enviando sendSummary a SUNAT. archivo=10460588982-RC-20251001-1.zip
[2025-10-03 01:04:56] soapCall error: Error en SOAP
[2025-10-03 01:04:56] ZIP creado: ./sunat/webphuyu/10460588982-RC-20251001-1/10460588982-RC-20251001-1.zip
[2025-10-03 01:04:56] Usando endpoint WSDL: ./sunat/billService.wsdl
[2025-10-03 01:04:56] Enviando sendSummary a SUNAT. archivo=10460588982-RC-20251001-1.zip
[2025-10-03 01:04:56] soapCall error: Error en SOAP
[2025-10-03 01:04:57] ZIP creado: ./sunat/webphuyu/10460588982-RC-20251001-1/10460588982-RC-20251001-1.zip
[2025-10-03 01:04:57] Usando endpoint WSDL: ./sunat/billService.wsdl
[2025-10-03 01:04:57] Enviando sendSummary a SUNAT. archivo=10460588982-RC-20251001-1.zip
[2025-10-03 01:04:57] soapCall error: Error en SOAP
[2025-10-03 01:04:57] ZIP creado: ./sunat/webphuyu/10460588982-RC-20251001-1/10460588982-RC-20251001-1.zip
[2025-10-03 01:04:57] Usando endpoint WSDL: ./sunat/billService.wsdl
[2025-10-03 01:04:57] Enviando sendSummary a SUNAT. archivo=10460588982-RC-20251001-1.zip
[2025-10-03 01:04:57] soapCall error: Error en SOAP
[2025-10-03 01:04:58] ZIP creado: ./sunat/webphuyu/10460588982-RC-20251001-1/10460588982-RC-20251001-1.zip
[2025-10-03 01:04:58] Usando endpoint WSDL: ./sunat/billService.wsdl
[2025-10-03 01:04:58] Enviando sendSummary a SUNAT. archivo=10460588982-RC-20251001-1.zip
[2025-10-03 01:04:58] soapCall error: Error en SOAP
[2025-10-03 01:04:58] ZIP creado: ./sunat/webphuyu/10460588982-RC-20251001-1/10460588982-RC-20251001-1.zip
[2025-10-03 01:04:58] Usando endpoint WSDL: ./sunat/billService.wsdl
[2025-10-03 01:04:58] Enviando sendSummary a SUNAT. archivo=10460588982-RC-20251001-1.zip
[2025-10-03 01:04:58] soapCall error: Error en SOAP
[2025-10-03 01:04:58] ZIP creado: ./sunat/webphuyu/10460588982-RC-20251001-1/10460588982-RC-20251001-1.zip
[2025-10-03 01:04:58] Usando endpoint WSDL: ./sunat/billService.wsdl
[2025-10-03 01:04:58] Enviando sendSummary a SUNAT. archivo=10460588982-RC-20251001-1.zip
[2025-10-03 01:04:58] soapCall error: Error en SOAP
[2025-10-03 01:04:59] ZIP creado: ./sunat/webphuyu/10460588982-RC-20251001-1/10460588982-RC-20251001-1.zip
[2025-10-03 01:04:59] Usando endpoint WSDL: ./sunat/billService.wsdl
[2025-10-03 01:04:59] Enviando sendSummary a SUNAT. archivo=10460588982-RC-20251001-1.zip
[2025-10-03 01:04:59] soapCall error: Error en SOAP
[2025-10-03 01:05:00] ZIP creado: ./sunat/webphuyu/10460588982-RC-20251001-1/10460588982-RC-20251001-1.zip
[2025-10-03 01:05:00] Usando endpoint WSDL: ./sunat/billService.wsdl
[2025-10-03 01:05:00] Enviando sendSummary a SUNAT. archivo=10460588982-RC-20251001-1.zip
[2025-10-03 01:05:00] soapCall error: Error en SOAP
[2025-10-03 01:05:00] ZIP creado: ./sunat/webphuyu/10460588982-RC-20251001-1/10460588982-RC-20251001-1.zip
[2025-10-03 01:05:00] Usando endpoint WSDL: ./sunat/billService.wsdl
[2025-10-03 01:05:00] Enviando sendSummary a SUNAT. archivo=10460588982-RC-20251001-1.zip
[2025-10-03 01:05:00] soapCall error: Error en SOAP
[2025-10-03 01:05:01] ZIP creado: ./sunat/webphuyu/10460588982-RC-20251001-1/10460588982-RC-20251001-1.zip
[2025-10-03 01:05:01] Usando endpoint WSDL: ./sunat/billService.wsdl
[2025-10-03 01:05:01] Enviando sendSummary a SUNAT. archivo=10460588982-RC-20251001-1.zip
[2025-10-03 01:05:01] soapCall error: Error en SOAP
[2025-10-03 01:05:01] ZIP creado: ./sunat/webphuyu/10460588982-RC-20251001-1/10460588982-RC-20251001-1.zip
[2025-10-03 01:05:01] Usando endpoint WSDL: ./sunat/billService.wsdl
[2025-10-03 01:05:01] Enviando sendSummary a SUNAT. archivo=10460588982-RC-20251001-1.zip
[2025-10-03 01:05:01] soapCall error: Error en SOAP
[2025-10-03 01:05:02] ZIP creado: ./sunat/webphuyu/10460588982-RC-20251001-1/10460588982-RC-20251001-1.zip
[2025-10-03 01:05:02] Usando endpoint WSDL: ./sunat/billService.wsdl
[2025-10-03 01:05:02] Enviando sendSummary a SUNAT. archivo=10460588982-RC-20251001-1.zip
[2025-10-03 01:05:02] soapCall error: Error en SOAP
[2025-10-03 01:05:02] ZIP creado: ./sunat/webphuyu/10460588982-RC-20251001-1/10460588982-RC-20251001-1.zip
[2025-10-03 01:05:02] Usando endpoint WSDL: ./sunat/billService.wsdl
[2025-10-03 01:05:02] Enviando sendSummary a SUNAT. archivo=10460588982-RC-20251001-1.zip
[2025-10-03 01:05:03] soapCall error: Error en SOAP
[2025-10-03 01:05:03] ZIP creado: ./sunat/webphuyu/10460588982-RC-20251001-1/10460588982-RC-20251001-1.zip
[2025-10-03 01:05:03] Usando endpoint WSDL: ./sunat/billService.wsdl
[2025-10-03 01:05:03] Enviando sendSummary a SUNAT. archivo=10460588982-RC-20251001-1.zip
[2025-10-03 01:05:03] soapCall error: Error en SOAP
[2025-10-03 01:05:04] ZIP creado: ./sunat/webphuyu/10460588982-RC-20251001-1/10460588982-RC-20251001-1.zip
[2025-10-03 01:05:04] Usando endpoint WSDL: ./sunat/billService.wsdl
[2025-10-03 01:05:04] Enviando sendSummary a SUNAT. archivo=10460588982-RC-20251001-1.zip
[2025-10-03 01:05:04] soapCall error: Error en SOAP
[2025-10-03 01:05:04] ZIP creado: ./sunat/webphuyu/10460588982-RC-20251001-1/10460588982-RC-20251001-1.zip
[2025-10-03 01:05:04] Usando endpoint WSDL: ./sunat/billService.wsdl
[2025-10-03 01:05:04] Enviando sendSummary a SUNAT. archivo=10460588982-RC-20251001-1.zip
[2025-10-03 01:05:05] soapCall error: Error en SOAP
[2025-10-03 01:05:05] ZIP creado: ./sunat/webphuyu/10460588982-RC-20251001-1/10460588982-RC-20251001-1.zip
[2025-10-03 01:05:05] Usando endpoint WSDL: ./sunat/billService.wsdl
[2025-10-03 01:05:05] Enviando sendSummary a SUNAT. archivo=10460588982-RC-20251001-1.zip
[2025-10-03 01:05:05] soapCall error: Error en SOAP
[2025-10-03 01:05:06] ZIP creado: ./sunat/webphuyu/10460588982-RC-20251001-1/10460588982-RC-20251001-1.zip
[2025-10-03 01:05:06] Usando endpoint WSDL: ./sunat/billService.wsdl
[2025-10-03 01:05:06] Enviando sendSummary a SUNAT. archivo=10460588982-RC-20251001-1.zip
[2025-10-03 01:05:06] soapCall error: Error en SOAP
[2025-10-03 01:05:06] ZIP creado: ./sunat/webphuyu/10460588982-RC-20251001-1/10460588982-RC-20251001-1.zip
[2025-10-03 01:05:06] Usando endpoint WSDL: ./sunat/billService.wsdl
[2025-10-03 01:05:06] Enviando sendSummary a SUNAT. archivo=10460588982-RC-20251001-1.zip
[2025-10-03 01:05:07] soapCall error: Error en SOAP
[2025-10-03 01:05:17] ZIP creado: ./sunat/webphuyu/10460588982-RC-20251001-1/10460588982-RC-20251001-1.zip
[2025-10-03 01:05:17] Usando endpoint WSDL: ./sunat/billService.wsdl
[2025-10-03 01:05:17] Enviando sendSummary a SUNAT. archivo=10460588982-RC-20251001-1.zip
[2025-10-03 01:05:17] soapCall error: Error en SOAP
[2025-10-03 01:08:38] ZIP creado: ./sunat/webphuyu/10460588982-RC-20251001-1/10460588982-RC-20251001-1.zip
[2025-10-03 01:08:38] Usando endpoint WSDL: ./sunat/billService.wsdl
[2025-10-03 01:08:38] Enviando sendSummary a SUNAT. archivo=10460588982-RC-20251001-1.zip
[2025-10-03 01:08:38] soapCall error: Error en SOAP
[2025-10-03 01:08:39] ZIP creado: ./sunat/webphuyu/10460588982-RC-20251001-1/10460588982-RC-20251001-1.zip
[2025-10-03 01:08:39] Usando endpoint WSDL: ./sunat/billService.wsdl
[2025-10-03 01:08:39] Enviando sendSummary a SUNAT. archivo=10460588982-RC-20251001-1.zip
[2025-10-03 01:08:39] soapCall error: Error en SOAP
[2025-10-03 01:08:40] ZIP creado: ./sunat/webphuyu/10460588982-RC-20251001-1/10460588982-RC-20251001-1.zip
[2025-10-03 01:08:40] Usando endpoint WSDL: ./sunat/billService.wsdl
[2025-10-03 01:08:40] Enviando sendSummary a SUNAT. archivo=10460588982-RC-20251001-1.zip
[2025-10-03 01:08:40] soapCall error: Error en SOAP
[2025-10-03 01:08:40] ZIP creado: ./sunat/webphuyu/10460588982-RC-20251001-1/10460588982-RC-20251001-1.zip
[2025-10-03 01:08:40] Usando endpoint WSDL: ./sunat/billService.wsdl
[2025-10-03 01:08:40] Enviando sendSummary a SUNAT. archivo=10460588982-RC-20251001-1.zip
[2025-10-03 01:08:40] soapCall error: Error en SOAP
[2025-10-03 01:09:00] ZIP creado: ./sunat/webphuyu/10460588982-RC-20251001-1/10460588982-RC-20251001-1.zip
[2025-10-03 01:09:00] Usando endpoint WSDL: ./sunat/billService.wsdl
[2025-10-03 01:09:00] Enviando sendSummary a SUNAT. archivo=10460588982-RC-20251001-1.zip
[2025-10-03 01:09:00] soapCall error: Error en SOAP
[2025-10-03 01:09:02] ZIP creado: ./sunat/webphuyu/10460588982-RC-20251001-1/10460588982-RC-20251001-1.zip
[2025-10-03 01:09:02] Usando endpoint WSDL: ./sunat/billService.wsdl
[2025-10-03 01:09:02] Enviando sendSummary a SUNAT. archivo=10460588982-RC-20251001-1.zip
[2025-10-03 01:09:02] soapCall error: Error en SOAP
[2025-10-03 01:09:03] ZIP creado: ./sunat/webphuyu/10460588982-RC-20251001-1/10460588982-RC-20251001-1.zip
[2025-10-03 01:09:03] Usando endpoint WSDL: ./sunat/billService.wsdl
[2025-10-03 01:09:03] Enviando sendSummary a SUNAT. archivo=10460588982-RC-20251001-1.zip
[2025-10-03 01:09:03] soapCall error: Error en SOAP
[2025-10-03 08:55:33] ZIP creado: ./sunat/webphuyu/10460588982-RC-20251001-1/10460588982-RC-20251001-1.zip
[2025-10-03 08:55:33] Usando endpoint WSDL: ./sunat/billService.wsdl
[2025-10-03 08:55:33] Enviando sendSummary a SUNAT. archivo=10460588982-RC-20251001-1.zip
[2025-10-03 08:55:35] Respuesta recibida y guardada en: ./sunat/webphuyu/10460588982-RC-20251001-1/R-10460588982-RC-20251001-1.xml
[2025-10-03 08:55:35] Ticket guardado en DB: 202518289649185
[2025-10-03 08:55:35] Detalle boletas actualizado con fechaenvio
